## ----------------------- ##
## gemstat 1.6 test suite. ##
## ----------------------- ##

testsuite: command line was:
  $ ./testsuite 

## --------- ##
## Platform. ##
## --------- ##

hostname = wirelessprv-10-195-33-76.near.illinois.edu
uname -m = x86_64
uname -r = 17.6.0
uname -s = Darwin
uname -v = Darwin Kernel Version 17.6.0: Tue May  8 15:22:16 PDT 2018; root:xnu-4570.61.1~1/RELEASE_X86_64

/usr/bin/uname -p = i386
/bin/uname -X     = unknown

/bin/arch              = unknown
/usr/bin/arch -k       = unknown
/usr/convex/getsysinfo = unknown
/usr/bin/hostinfo      = Mach kernel version:
	 Darwin Kernel Version 17.6.0: Tue May  8 15:22:16 PDT 2018; root:xnu-4570.61.1~1/RELEASE_X86_64
Kernel configured for up to 4 processors.
2 processors are physically available.
4 processors are logically available.
Processor type: x86_64h (Intel x86-64h Haswell)
Processors active: 0 1 2 3
Primary memory available: 8.00 gigabytes
Default processor set: 405 tasks, 1929 threads, 4 processors
Load average: 2.84, Mach factor: 1.33
/bin/machine           = unknown
/usr/bin/oslevel       = unknown
/bin/universe          = unknown

PATH: /Users/shounakbhogale/Desktop/Project/GEMSTAT/tests
PATH: /Users/shounakbhogale/anaconda3/bin
PATH: /usr/local/bin
PATH: /usr/bin
PATH: /bin
PATH: /usr/sbin
PATH: /sbin
PATH: /Library/TeX/texbin

testsuite: atconfig:
| # Configurable variable values for building test suites.
| # Generated by ./config.status.
| # Copyright (C) 2012 Free Software Foundation, Inc.
| 
| # The test suite will define top_srcdir=/../.. etc.
| at_testdir='tests'
| abs_builddir='/Users/shounakbhogale/Desktop/Project/GEMSTAT/tests'
| at_srcdir='.'
| abs_srcdir='/Users/shounakbhogale/Desktop/Project/GEMSTAT/tests'
| at_top_srcdir='..'
| abs_top_srcdir='/Users/shounakbhogale/Desktop/Project/GEMSTAT'
| at_top_build_prefix='../'
| abs_top_builddir='/Users/shounakbhogale/Desktop/Project/GEMSTAT'
| 
| # Backward compatibility with Autotest <= 2.59b:
| at_top_builddir=$at_top_build_prefix
| 
| AUTOTEST_PATH='tests'
| 
| SHELL=${CONFIG_SHELL-'/bin/sh'}

testsuite: atlocal:
| # tests/atlocal.  Generated from atlocal.in by configure.					-*- shell-script -*-
| # Configurable variable values for Bison test suite.
| # Copyright (C) 2000, 2001, 2002, 2003, 2004, 2005 Free Software Foundation, Inc.
| PACKAGE_VERSION=1.6

## ---------------- ##
## Tested programs. ##
## ---------------- ##

## ------------------ ##
## Running the tests. ##
## ------------------ ##
testsuite: starting at: Mon Aug 27 11:32:39 CDT 2018
1. Program Executes and fails with no input (testsuite.at:7): ok     (0m0.003s 0m0.003s)
3. issue 19, reading default factor thresholds (options.at:3): ok     (0m0.030s 0m0.035s)
4. Test enforcement of par bounds (enforcebounds.at:3): ok     (0m0.066s 0m0.028s)
5. Test enforcement of free_fix (enforcefreefix.at:3): ok     (0m0.507s 0m0.068s)
6. Test enforcement of par bounds (enforcebounds.at:3): ok     (0m0.066s 0m0.027s)
7. Test enforcement of par bounds when loading (enforcebounds_while_loading.at:3): ok     (0m0.717s 0m0.087s)
testsuite: ending at: Mon Aug 27 11:32:42 CDT 2018
testsuite: test suite duration: 0h 0m 3s

## ------------- ##
## Test results. ##
## ------------- ##

ERROR: All 7 tests were run,
1 failed unexpectedly.

## ------------------------ ##
## Summary of the failures. ##
## ------------------------ ##
Failed tests:
gemstat 1.6 test suite test groups:

 NUM: FILE-NAME:LINE     TEST-GROUP-NAME
      KEYWORDS

   2: basic.at:3         Simple learning base version

## ---------------------- ##
## Detailed failed tests. ##
## ---------------------- ##

#                             -*- compilation -*-
2. basic.at:3: testing Simple learning base version ...
./basic.at:28: testexec seq2expr -s seqs.fa -e expr.tab -m factors.wtmx -f factor_expr.tab -et 0.6 -na 10 -o Direct -fo 1.out -po 1.par > /dev/null 2>/dev/null ; cat 1.out
--- -	2018-08-27 11:32:40.000000000 -0500
+++ /Users/shounakbhogale/Desktop/Project/GEMSTAT/tests/testsuite.dir/at-groups/2/stdout	2018-08-27 11:32:40.000000000 -0500
@@ -1,4 +1,3 @@
 Rows	1	2
-test_GT	1	0.1
-test	1	0.1
+test_GT	1	0.1	test	1	0.1
 
2. basic.at:3: 2. Simple learning base version (basic.at:3): FAILED (basic.at:28)


## ------------- ##
## ../config.log ##
## ------------- ##
| This file contains any messages produced by compilers while
| running configure, to aid debugging if configure makes a mistake.
| 
| It was created by gemstat configure 1.6, which was
| generated by GNU Autoconf 2.69.  Invocation command line was
| 
|   $ ./configure --with-beta-optimize=together --with-gsl-prefix=/Users/shounakbhogale/Desktop/Project/GEMSTAT/external/usr/ --with-nlopt-prefix=/Users/shounakbhogale/Desktop/Project/GEMSTAT/external/usr/
| 
| ## --------- ##
| ## Platform. ##
| ## --------- ##
| 
| hostname = vpnpool-130-126-152-121.near.illinois.edu
| uname -m = x86_64
| uname -r = 17.6.0
| uname -s = Darwin
| uname -v = Darwin Kernel Version 17.6.0: Tue May  8 15:22:16 PDT 2018; root:xnu-4570.61.1~1/RELEASE_X86_64
| 
| /usr/bin/uname -p = i386
| /bin/uname -X     = unknown
| 
| /bin/arch              = unknown
| /usr/bin/arch -k       = unknown
| /usr/convex/getsysinfo = unknown
| /usr/bin/hostinfo      = Mach kernel version:
| 	 Darwin Kernel Version 17.6.0: Tue May  8 15:22:16 PDT 2018; root:xnu-4570.61.1~1/RELEASE_X86_64
| Kernel configured for up to 4 processors.
| 2 processors are physically available.
| 4 processors are logically available.
| Processor type: x86_64h (Intel x86-64h Haswell)
| Processors active: 0 1 2 3
| Primary memory available: 8.00 gigabytes
| Default processor set: 363 tasks, 1700 threads, 4 processors
| Load average: 3.83, Mach factor: 1.20
| /bin/machine           = unknown
| /usr/bin/oslevel       = unknown
| /bin/universe          = unknown
| 
| PATH: /Users/shounakbhogale/Desktop/Project/GEMSTAT/external/usr/bin/
| PATH: /Users/shounakbhogale/anaconda3/bin
| PATH: /usr/local/bin
| PATH: /usr/bin
| PATH: /bin
| PATH: /usr/sbin
| PATH: /sbin
| PATH: /Library/TeX/texbin
| 
| 
| ## ----------- ##
| ## Core tests. ##
| ## ----------- ##
| 
| configure:2430: checking for a BSD-compatible install
| configure:2498: result: /usr/bin/install -c
| configure:2509: checking whether build environment is sane
| configure:2564: result: yes
| configure:2715: checking for a thread-safe mkdir -p
| configure:2754: result: ./install-sh -c -d
| configure:2761: checking for gawk
| configure:2791: result: no
| configure:2761: checking for mawk
| configure:2791: result: no
| configure:2761: checking for nawk
| configure:2791: result: no
| configure:2761: checking for awk
| configure:2777: found /usr/bin/awk
| configure:2788: result: awk
| configure:2799: checking whether make sets $(MAKE)
| configure:2821: result: yes
| configure:2850: checking whether make supports nested variables
| configure:2867: result: yes
| configure:3067: checking for style of include used by make
| configure:3095: result: GNU
| configure:3166: checking for gcc
| configure:3182: found /usr/bin/gcc
| configure:3193: result: gcc
| configure:3422: checking for C compiler version
| configure:3431: gcc --version >&5
| Apple LLVM version 9.1.0 (clang-902.0.39.2)
| Target: x86_64-apple-darwin17.6.0
| Thread model: posix
| InstalledDir: /Applications/Xcode.app/Contents/Developer/Toolchains/XcodeDefault.xctoolchain/usr/bin
| Configured with: --prefix=/Applications/Xcode.app/Contents/Developer/usr --with-gxx-include-dir=/Applications/Xcode.app/Contents/Developer/Platforms/MacOSX.platform/Developer/SDKs/MacOSX10.13.sdk/usr/include/c++/4.2.1
| configure:3442: $? = 0
| configure:3431: gcc -v >&5
| Configured with: --prefix=/Applications/Xcode.app/Contents/Developer/usr --with-gxx-include-dir=/Applications/Xcode.app/Contents/Developer/Platforms/MacOSX.platform/Developer/SDKs/MacOSX10.13.sdk/usr/include/c++/4.2.1
| Apple LLVM version 9.1.0 (clang-902.0.39.2)
| Target: x86_64-apple-darwin17.6.0
| Thread model: posix
| InstalledDir: /Applications/Xcode.app/Contents/Developer/Toolchains/XcodeDefault.xctoolchain/usr/bin
| configure:3442: $? = 0
| configure:3431: gcc -V >&5
| clang: error: argument to '-V' is missing (expected 1 value)
| clang: error: no input files
| configure:3442: $? = 1
| configure:3431: gcc -qversion >&5
| clang: error: unknown argument: '-qversion'
| clang: error: no input files
| configure:3442: $? = 1
| configure:3462: checking whether the C compiler works
| configure:3484: gcc    conftest.c  >&5
| configure:3488: $? = 0
| configure:3536: result: yes
| configure:3539: checking for C compiler default output file name
| configure:3541: result: a.out
| configure:3547: checking for suffix of executables
| configure:3554: gcc -o conftest    conftest.c  >&5
| configure:3558: $? = 0
| configure:3580: result: 
| configure:3602: checking whether we are cross compiling
| configure:3610: gcc -o conftest    conftest.c  >&5
| configure:3614: $? = 0
| configure:3621: ./conftest
| configure:3625: $? = 0
| configure:3640: result: no
| configure:3645: checking for suffix of object files
| configure:3667: gcc -c   conftest.c >&5
| configure:3671: $? = 0
| configure:3692: result: o
| configure:3696: checking whether we are using the GNU C compiler
| configure:3715: gcc -c   conftest.c >&5
| configure:3715: $? = 0
| configure:3724: result: yes
| configure:3733: checking whether gcc accepts -g
| configure:3753: gcc -c -g  conftest.c >&5
| configure:3753: $? = 0
| configure:3794: result: yes
| configure:3811: checking for gcc option to accept ISO C89
| configure:3874: gcc  -c -g -O2  conftest.c >&5
| configure:3874: $? = 0
| configure:3887: result: none needed
| configure:3912: checking whether gcc understands -c and -o together
| configure:3934: gcc -c conftest.c -o conftest2.o
| configure:3937: $? = 0
| configure:3934: gcc -c conftest.c -o conftest2.o
| configure:3937: $? = 0
| configure:3949: result: yes
| configure:3968: checking dependency style of gcc
| configure:4079: result: gcc3
| configure:4131: checking for gsl-config
| configure:4162: result: /Users/shounakbhogale/Desktop/Project/GEMSTAT/external/usr//bin/gsl-config
| configure:4171: checking for GSL - version >= 1.13
| configure:4265: gcc -o conftest -g -O2 -I/Users/shounakbhogale/Desktop/Project/GEMSTAT/external/usr/include   conftest.c  -L/Users/shounakbhogale/Desktop/Project/GEMSTAT/external/usr/lib -lgsl -lgslcblas >&5
| configure:4265: $? = 0
| configure:4265: ./conftest
| configure:4265: $? = 0
| configure:4279: result: yes
| configure:4395: checking for pkg-config
| configure:4413: found /usr/local/bin/pkg-config
| configure:4425: result: /usr/local/bin/pkg-config
| configure:4450: checking pkg-config is at least version 0.9.0
| configure:4453: result: yes
| configure:4496: checking for nlopt
| configure:4503: $PKG_CONFIG --exists --print-errors "nlopt"
| configure:4506: $? = 0
| configure:4520: $PKG_CONFIG --exists --print-errors "nlopt"
| configure:4523: $? = 0
| configure:4565: result: yes
| configure:4573: "NLOPT_LIBS : -L/Users/shounakbhogale/Desktop/Project/GEMSTAT/external/usr/lib -lnlopt_cxx -lm"
| configure:4575: "NLOPT_CFLAGS : -I/Users/shounakbhogale/Desktop/Project/GEMSTAT/external/usr/include"
| configure:4670: checking for g++
| configure:4686: found /usr/bin/g++
| configure:4697: result: g++
| configure:4724: checking for C++ compiler version
| configure:4733: g++ --version >&5
| Apple LLVM version 9.1.0 (clang-902.0.39.2)
| Target: x86_64-apple-darwin17.6.0
| Thread model: posix
| InstalledDir: /Applications/Xcode.app/Contents/Developer/Toolchains/XcodeDefault.xctoolchain/usr/bin
| Configured with: --prefix=/Applications/Xcode.app/Contents/Developer/usr --with-gxx-include-dir=/Applications/Xcode.app/Contents/Developer/Platforms/MacOSX.platform/Developer/SDKs/MacOSX10.13.sdk/usr/include/c++/4.2.1
| configure:4744: $? = 0
| configure:4733: g++ -v >&5
| Configured with: --prefix=/Applications/Xcode.app/Contents/Developer/usr --with-gxx-include-dir=/Applications/Xcode.app/Contents/Developer/Platforms/MacOSX.platform/Developer/SDKs/MacOSX10.13.sdk/usr/include/c++/4.2.1
| Apple LLVM version 9.1.0 (clang-902.0.39.2)
| Target: x86_64-apple-darwin17.6.0
| Thread model: posix
| InstalledDir: /Applications/Xcode.app/Contents/Developer/Toolchains/XcodeDefault.xctoolchain/usr/bin
| configure:4744: $? = 0
| configure:4733: g++ -V >&5
| clang: error: argument to '-V' is missing (expected 1 value)
| clang: error: no input files
| configure:4744: $? = 1
| configure:4733: g++ -qversion >&5
| clang: error: unknown argument: '-qversion'
| clang: error: no input files
| configure:4744: $? = 1
| configure:4748: checking whether we are using the GNU C++ compiler
| configure:4767: g++ -c   conftest.cpp >&5
| configure:4767: $? = 0
| configure:4776: result: yes
| configure:4785: checking whether g++ accepts -g
| configure:4805: g++ -c -g  conftest.cpp >&5
| configure:4805: $? = 0
| configure:4846: result: yes
| configure:4871: checking dependency style of g++
| configure:4982: result: gcc3
| configure:5006: checking for cos in -lm
| configure:5031: g++ -o conftest -g -O2   conftest.cpp -lm   >&5
| configure:5031: $? = 0
| configure:5040: result: yes
| configure:5051: checking for cblas_dgemm in -lgslcblas
| configure:5076: g++ -o conftest -g -O2   conftest.cpp -lgslcblas  -lm  >&5
| configure:5076: $? = 0
| configure:5085: result: yes
| configure:5096: checking for gsl_blas_dgemm in -lgsl
| configure:5121: g++ -o conftest -g -O2   conftest.cpp -lgsl  -lgslcblas -lm  >&5
| configure:5121: $? = 0
| configure:5130: result: yes
| configure:5148: checking how to run the C++ preprocessor
| configure:5175: g++ -E  conftest.cpp
| configure:5175: $? = 0
| configure:5189: g++ -E  conftest.cpp
| conftest.cpp:14:10: fatal error: 'ac_nonexistent.h' file not found
| #include <ac_nonexistent.h>
|          ^~~~~~~~~~~~~~~~~~
| 1 error generated.
| configure:5189: $? = 1
| configure: failed program was:
| | /* confdefs.h */
| | #define PACKAGE_NAME "gemstat"
| | #define PACKAGE_TARNAME "gemstat"
| | #define PACKAGE_VERSION "1.6"
| | #define PACKAGE_STRING "gemstat 1.6"
| | #define PACKAGE_BUGREPORT ""
| | #define PACKAGE_URL ""
| | #define PACKAGE "gemstat"
| | #define VERSION "1.6"
| | #define HAVE_LIBM 1
| | #define HAVE_LIBGSLCBLAS 1
| | #define HAVE_LIBGSL 1
| | /* end confdefs.h.  */
| | #include <ac_nonexistent.h>
| configure:5214: result: g++ -E
| configure:5234: g++ -E  conftest.cpp
| configure:5234: $? = 0
| configure:5248: g++ -E  conftest.cpp
| conftest.cpp:14:10: fatal error: 'ac_nonexistent.h' file not found
| #include <ac_nonexistent.h>
|          ^~~~~~~~~~~~~~~~~~
| 1 error generated.
| configure:5248: $? = 1
| configure: failed program was:
| | /* confdefs.h */
| | #define PACKAGE_NAME "gemstat"
| | #define PACKAGE_TARNAME "gemstat"
| | #define PACKAGE_VERSION "1.6"
| | #define PACKAGE_STRING "gemstat 1.6"
| | #define PACKAGE_BUGREPORT ""
| | #define PACKAGE_URL ""
| | #define PACKAGE "gemstat"
| | #define VERSION "1.6"
| | #define HAVE_LIBM 1
| | #define HAVE_LIBGSLCBLAS 1
| | #define HAVE_LIBGSL 1
| | /* end confdefs.h.  */
| | #include <ac_nonexistent.h>
| configure:5277: checking for grep that handles long lines and -e
| configure:5335: result: /usr/bin/grep
| configure:5340: checking for egrep
| configure:5402: result: /usr/bin/grep -E
| configure:5407: checking for ANSI C header files
| configure:5427: g++ -c -g -O2  conftest.cpp >&5
| configure:5427: $? = 0
| configure:5500: g++ -o conftest -g -O2   conftest.cpp -lgsl -lgslcblas -lm  >&5
| configure:5500: $? = 0
| configure:5500: ./conftest
| configure:5500: $? = 0
| configure:5511: result: yes
| configure:5524: checking for sys/types.h
| configure:5524: g++ -c -g -O2  conftest.cpp >&5
| configure:5524: $? = 0
| configure:5524: result: yes
| configure:5524: checking for sys/stat.h
| configure:5524: g++ -c -g -O2  conftest.cpp >&5
| configure:5524: $? = 0
| configure:5524: result: yes
| configure:5524: checking for stdlib.h
| configure:5524: g++ -c -g -O2  conftest.cpp >&5
| configure:5524: $? = 0
| configure:5524: result: yes
| configure:5524: checking for string.h
| configure:5524: g++ -c -g -O2  conftest.cpp >&5
| configure:5524: $? = 0
| configure:5524: result: yes
| configure:5524: checking for memory.h
| configure:5524: g++ -c -g -O2  conftest.cpp >&5
| configure:5524: $? = 0
| configure:5524: result: yes
| configure:5524: checking for strings.h
| configure:5524: g++ -c -g -O2  conftest.cpp >&5
| configure:5524: $? = 0
| configure:5524: result: yes
| configure:5524: checking for inttypes.h
| configure:5524: g++ -c -g -O2  conftest.cpp >&5
| configure:5524: $? = 0
| configure:5524: result: yes
| configure:5524: checking for stdint.h
| configure:5524: g++ -c -g -O2  conftest.cpp >&5
| configure:5524: $? = 0
| configure:5524: result: yes
| configure:5524: checking for unistd.h
| configure:5524: g++ -c -g -O2  conftest.cpp >&5
| configure:5524: $? = 0
| configure:5524: result: yes
| configure:5539: checking gsl/gsl_linalg.h usability
| configure:5539: g++ -c -g -O2  conftest.cpp >&5
| configure:5539: $? = 0
| configure:5539: result: yes
| configure:5539: checking gsl/gsl_linalg.h presence
| configure:5539: g++ -E  conftest.cpp
| configure:5539: $? = 0
| configure:5539: result: yes
| configure:5539: checking for gsl/gsl_linalg.h
| configure:5539: result: yes
| configure:5539: checking gsl/gsl_math.h usability
| configure:5539: g++ -c -g -O2  conftest.cpp >&5
| configure:5539: $? = 0
| configure:5539: result: yes
| configure:5539: checking gsl/gsl_math.h presence
| configure:5539: g++ -E  conftest.cpp
| configure:5539: $? = 0
| configure:5539: result: yes
| configure:5539: checking for gsl/gsl_math.h
| configure:5539: result: yes
| configure:5539: checking gsl/gsl_multimin.h usability
| configure:5539: g++ -c -g -O2  conftest.cpp >&5
| configure:5539: $? = 0
| configure:5539: result: yes
| configure:5539: checking gsl/gsl_multimin.h presence
| configure:5539: g++ -E  conftest.cpp
| configure:5539: $? = 0
| configure:5539: result: yes
| configure:5539: checking for gsl/gsl_multimin.h
| configure:5539: result: yes
| configure:5539: checking gsl/gsl_randist.h usability
| configure:5539: g++ -c -g -O2  conftest.cpp >&5
| configure:5539: $? = 0
| configure:5539: result: yes
| configure:5539: checking gsl/gsl_randist.h presence
| configure:5539: g++ -E  conftest.cpp
| configure:5539: $? = 0
| configure:5539: result: yes
| configure:5539: checking for gsl/gsl_randist.h
| configure:5539: result: yes
| configure:5553: checking for inline
| configure:5569: g++ -c -g -O2  conftest.cpp >&5
| configure:5569: $? = 0
| configure:5577: result: inline
| configure:5595: checking for size_t
| configure:5595: g++ -c -g -O2  conftest.cpp >&5
| configure:5595: $? = 0
| configure:5595: g++ -c -g -O2  conftest.cpp >&5
| conftest.cpp:64:21: error: expected expression
| if (sizeof ((size_t)))
|                     ^
| 1 error generated.
| configure:5595: $? = 1
| configure: failed program was:
| | /* confdefs.h */
| | #define PACKAGE_NAME "gemstat"
| | #define PACKAGE_TARNAME "gemstat"
| | #define PACKAGE_VERSION "1.6"
| | #define PACKAGE_STRING "gemstat 1.6"
| | #define PACKAGE_BUGREPORT ""
| | #define PACKAGE_URL ""
| | #define PACKAGE "gemstat"
| | #define VERSION "1.6"
| | #define HAVE_LIBM 1
| | #define HAVE_LIBGSLCBLAS 1
| | #define HAVE_LIBGSL 1
| | #define STDC_HEADERS 1
| | #define HAVE_SYS_TYPES_H 1
| | #define HAVE_SYS_STAT_H 1
| | #define HAVE_STDLIB_H 1
| | #define HAVE_STRING_H 1
| | #define HAVE_MEMORY_H 1
| | #define HAVE_STRINGS_H 1
| | #define HAVE_INTTYPES_H 1
| | #define HAVE_STDINT_H 1
| | #define HAVE_UNISTD_H 1
| | #define HAVE_GSL_GSL_LINALG_H 1
| | #define HAVE_GSL_GSL_MATH_H 1
| | #define HAVE_GSL_GSL_MULTIMIN_H 1
| | #define HAVE_GSL_GSL_RANDIST_H 1
| | /* end confdefs.h.  */
| | #include <stdio.h>
| | #ifdef HAVE_SYS_TYPES_H
| | # include <sys/types.h>
| | #endif
| | #ifdef HAVE_SYS_STAT_H
| | # include <sys/stat.h>
| | #endif
| | #ifdef STDC_HEADERS
| | # include <stdlib.h>
| | # include <stddef.h>
| | #else
| | # ifdef HAVE_STDLIB_H
| | #  include <stdlib.h>
| | # endif
| | #endif
| | #ifdef HAVE_STRING_H
| | # if !defined STDC_HEADERS && defined HAVE_MEMORY_H
| | #  include <memory.h>
| | # endif
| | # include <string.h>
| | #endif
| | #ifdef HAVE_STRINGS_H
| | # include <strings.h>
| | #endif
| | #ifdef HAVE_INTTYPES_H
| | # include <inttypes.h>
| | #endif
| | #ifdef HAVE_STDINT_H
| | # include <stdint.h>
| | #endif
| | #ifdef HAVE_UNISTD_H
| | # include <unistd.h>
| | #endif
| | int
| | main ()
| | {
| | if (sizeof ((size_t)))
| | 	    return 0;
| |   ;
| |   return 0;
| | }
| configure:5595: result: yes
| configure:5611: checking for floor
| configure:5611: g++ -o conftest -g -O2   conftest.cpp -lgsl -lgslcblas -lm  >&5
| configure:5611: $? = 0
| configure:5611: result: yes
| configure:5611: checking for pow
| configure:5611: g++ -o conftest -g -O2   conftest.cpp -lgsl -lgslcblas -lm  >&5
| configure:5611: $? = 0
| configure:5611: result: yes
| configure:5611: checking for sqrt
| configure:5611: g++ -o conftest -g -O2   conftest.cpp -lgsl -lgslcblas -lm  >&5
| configure:5611: $? = 0
| configure:5611: result: yes
| configure:5611: checking for strchr
| configure:5611: g++ -o conftest -g -O2   conftest.cpp -lgsl -lgslcblas -lm  >&5
| configure:5611: $? = 0
| configure:5611: result: yes
| configure:5744: checking that generated files are newer than configure
| configure:5750: result: done
| configure:5797: creating ./config.status
| 
| ## ---------------------- ##
| ## Running config.status. ##
| ## ---------------------- ##
| 
| This file was extended by gemstat config.status 1.6, which was
| generated by GNU Autoconf 2.69.  Invocation command line was
| 
|   CONFIG_FILES    = 
|   CONFIG_HEADERS  = 
|   CONFIG_LINKS    = 
|   CONFIG_COMMANDS = 
|   $ ./config.status 
| 
| on vpnpool-130-126-152-121.near.illinois.edu
| 
| config.status:894: creating Makefile
| config.status:894: creating src/Makefile
| config.status:894: creating tests/Makefile
| config.status:894: creating tests/atlocal
| config.status:894: creating tests/testexec
| config.status:894: creating src/config.h
| config.status:1075: src/config.h is unchanged
| config.status:1123: executing depfiles commands
| config.status:1123: executing tests/atconfig commands
| 
| ## ---------------- ##
| ## Cache variables. ##
| ## ---------------- ##
| 
| ac_cv_c_compiler_gnu=yes
| ac_cv_c_inline=inline
| ac_cv_cxx_compiler_gnu=yes
| ac_cv_env_CCC_set=
| ac_cv_env_CCC_value=
| ac_cv_env_CC_set=
| ac_cv_env_CC_value=
| ac_cv_env_CFLAGS_set=
| ac_cv_env_CFLAGS_value=
| ac_cv_env_CPPFLAGS_set=
| ac_cv_env_CPPFLAGS_value=
| ac_cv_env_CXXCPP_set=
| ac_cv_env_CXXCPP_value=
| ac_cv_env_CXXFLAGS_set=
| ac_cv_env_CXXFLAGS_value=
| ac_cv_env_CXX_set=
| ac_cv_env_CXX_value=
| ac_cv_env_LDFLAGS_set=
| ac_cv_env_LDFLAGS_value=
| ac_cv_env_LIBS_set=
| ac_cv_env_LIBS_value=
| ac_cv_env_NLOPT_CFLAGS_set=
| ac_cv_env_NLOPT_CFLAGS_value=
| ac_cv_env_NLOPT_LIBS_set=
| ac_cv_env_NLOPT_LIBS_value=
| ac_cv_env_PKG_CONFIG_LIBDIR_set=
| ac_cv_env_PKG_CONFIG_LIBDIR_value=
| ac_cv_env_PKG_CONFIG_PATH_set=
| ac_cv_env_PKG_CONFIG_PATH_value=
| ac_cv_env_PKG_CONFIG_set=
| ac_cv_env_PKG_CONFIG_value=
| ac_cv_env_build_alias_set=
| ac_cv_env_build_alias_value=
| ac_cv_env_host_alias_set=
| ac_cv_env_host_alias_value=
| ac_cv_env_target_alias_set=
| ac_cv_env_target_alias_value=
| ac_cv_func_floor=yes
| ac_cv_func_pow=yes
| ac_cv_func_sqrt=yes
| ac_cv_func_strchr=yes
| ac_cv_header_gsl_gsl_linalg_h=yes
| ac_cv_header_gsl_gsl_math_h=yes
| ac_cv_header_gsl_gsl_multimin_h=yes
| ac_cv_header_gsl_gsl_randist_h=yes
| ac_cv_header_inttypes_h=yes
| ac_cv_header_memory_h=yes
| ac_cv_header_stdc=yes
| ac_cv_header_stdint_h=yes
| ac_cv_header_stdlib_h=yes
| ac_cv_header_string_h=yes
| ac_cv_header_strings_h=yes
| ac_cv_header_sys_stat_h=yes
| ac_cv_header_sys_types_h=yes
| ac_cv_header_unistd_h=yes
| ac_cv_lib_gsl_gsl_blas_dgemm=yes
| ac_cv_lib_gslcblas_cblas_dgemm=yes
| ac_cv_lib_m_cos=yes
| ac_cv_objext=o
| ac_cv_path_EGREP='/usr/bin/grep -E'
| ac_cv_path_GREP=/usr/bin/grep
| ac_cv_path_GSL_CONFIG=/Users/shounakbhogale/Desktop/Project/GEMSTAT/external/usr//bin/gsl-config
| ac_cv_path_ac_pt_PKG_CONFIG=/usr/local/bin/pkg-config
| ac_cv_path_install='/usr/bin/install -c'
| ac_cv_prog_AWK=awk
| ac_cv_prog_CXXCPP='g++ -E'
| ac_cv_prog_ac_ct_CC=gcc
| ac_cv_prog_ac_ct_CXX=g++
| ac_cv_prog_cc_c89=
| ac_cv_prog_cc_g=yes
| ac_cv_prog_cxx_g=yes
| ac_cv_prog_make_make_set=yes
| ac_cv_type_size_t=yes
| am_cv_CC_dependencies_compiler_type=gcc3
| am_cv_CXX_dependencies_compiler_type=gcc3
| am_cv_make_support_nested_variables=yes
| am_cv_prog_cc_c_o=yes
| pkg_cv_NLOPT_CFLAGS=-I/Users/shounakbhogale/Desktop/Project/GEMSTAT/external/usr/include
| pkg_cv_NLOPT_LIBS='-L/Users/shounakbhogale/Desktop/Project/GEMSTAT/external/usr/lib -lnlopt -lm'
| 
| ## ----------------- ##
| ## Output variables. ##
| ## ----------------- ##
| 
| ACLOCAL='${SHELL} /Users/shounakbhogale/Desktop/Project/GEMSTAT/missing aclocal-1.15'
| AMDEPBACKSLASH='\'
| AMDEP_FALSE='#'
| AMDEP_TRUE=''
| AMTAR='$${TAR-tar}'
| AM_BACKSLASH='\'
| AM_DEFAULT_V='$(AM_DEFAULT_VERBOSITY)'
| AM_DEFAULT_VERBOSITY='1'
| AM_V='$(V)'
| AUTOCONF='${SHELL} /Users/shounakbhogale/Desktop/Project/GEMSTAT/missing autoconf'
| AUTOHEADER='${SHELL} /Users/shounakbhogale/Desktop/Project/GEMSTAT/missing autoheader'
| AUTOM4TE='${SHELL} /Users/shounakbhogale/Desktop/Project/GEMSTAT/missing autom4te'
| AUTOMAKE='${SHELL} /Users/shounakbhogale/Desktop/Project/GEMSTAT/missing automake-1.15'
| AWK='awk'
| BETAOPTBROKEN_FALSE=''
| BETAOPTBROKEN_TRUE='#'
| BETAOPTSEPARATE_FALSE=''
| BETAOPTSEPARATE_TRUE='#'
| BETAOPTTOGETHER_FALSE='#'
| BETAOPTTOGETHER_TRUE=''
| CC='gcc'
| CCDEPMODE='depmode=gcc3'
| CFLAGS='-g -O2'
| CPPFLAGS=''
| CXX='g++'
| CXXCPP='g++ -E'
| CXXDEPMODE='depmode=gcc3'
| CXXFLAGS='-g -O2'
| CYGPATH_W='echo'
| DEBUG_FALSE=''
| DEBUG_TRUE='#'
| DEFS='-DHAVE_CONFIG_H'
| DEPDIR='.deps'
| DISABLE_NLOPT_FALSE=''
| DISABLE_NLOPT_TRUE='#'
| ECHO_C='\c'
| ECHO_N=''
| ECHO_T=''
| EGREP='/usr/bin/grep -E'
| EXEEXT=''
| GREP='/usr/bin/grep'
| GSL_CFLAGS='-I/Users/shounakbhogale/Desktop/Project/GEMSTAT/external/usr/include'
| GSL_CONFIG='/Users/shounakbhogale/Desktop/Project/GEMSTAT/external/usr//bin/gsl-config'
| GSL_LIBS='-L/Users/shounakbhogale/Desktop/Project/GEMSTAT/external/usr/lib -lgsl -lgslcblas'
| INSTALL_DATA='${INSTALL} -m 644'
| INSTALL_PROGRAM='${INSTALL}'
| INSTALL_SCRIPT='${INSTALL}'
| INSTALL_STRIP_PROGRAM='$(install_sh) -c -s'
| LDFLAGS=''
| LIBOBJS=''
| LIBS='-lgsl -lgslcblas -lm '
| LTLIBOBJS=''
| MAKEINFO='${SHELL} /Users/shounakbhogale/Desktop/Project/GEMSTAT/missing makeinfo'
| MKDIR_P='./install-sh -c -d'
| NLOPT_CFLAGS='-I/Users/shounakbhogale/Desktop/Project/GEMSTAT/external/usr/include'
| NLOPT_LIBS='-L/Users/shounakbhogale/Desktop/Project/GEMSTAT/external/usr/lib -lnlopt_cxx -lm'
| OBJEXT='o'
| PACKAGE='gemstat'
| PACKAGE_BUGREPORT=''
| PACKAGE_NAME='gemstat'
| PACKAGE_STRING='gemstat 1.6'
| PACKAGE_TARNAME='gemstat'
| PACKAGE_URL=''
| PACKAGE_VERSION='1.6'
| PATH_SEPARATOR=':'
| PKG_CONFIG='/usr/local/bin/pkg-config'
| PKG_CONFIG_LIBDIR=''
| PKG_CONFIG_PATH=''
| SET_MAKE=''
| SHELL='/bin/sh'
| STRIP=''
| VERSION='1.6'
| ac_ct_CC='gcc'
| ac_ct_CXX='g++'
| am__EXEEXT_FALSE=''
| am__EXEEXT_TRUE='#'
| am__fastdepCC_FALSE='#'
| am__fastdepCC_TRUE=''
| am__fastdepCXX_FALSE='#'
| am__fastdepCXX_TRUE=''
| am__include='include'
| am__isrc=''
| am__leading_dot='.'
| am__nodep='_no'
| am__quote=''
| am__tar='$${TAR-tar} chof - "$$tardir"'
| am__untar='$${TAR-tar} xf -'
| bindir='${exec_prefix}/bin'
| build_alias=''
| datadir='${datarootdir}'
| datarootdir='${prefix}/share'
| docdir='${datarootdir}/doc/${PACKAGE_TARNAME}'
| dvidir='${docdir}'
| exec_prefix='${prefix}'
| host_alias=''
| htmldir='${docdir}'
| includedir='${prefix}/include'
| infodir='${datarootdir}/info'
| install_sh='${SHELL} /Users/shounakbhogale/Desktop/Project/GEMSTAT/install-sh'
| libdir='${exec_prefix}/lib'
| libexecdir='${exec_prefix}/libexec'
| localedir='${datarootdir}/locale'
| localstatedir='${prefix}/var'
| mandir='${datarootdir}/man'
| mkdir_p='$(MKDIR_P)'
| oldincludedir='/usr/include'
| pdfdir='${docdir}'
| prefix='/usr/local'
| program_transform_name='s,x,x,'
| psdir='${docdir}'
| sbindir='${exec_prefix}/sbin'
| sharedstatedir='${prefix}/com'
| sysconfdir='${prefix}/etc'
| target_alias=''
| 
| ## ----------- ##
| ## confdefs.h. ##
| ## ----------- ##
| 
| /* confdefs.h */
| #define PACKAGE_NAME "gemstat"
| #define PACKAGE_TARNAME "gemstat"
| #define PACKAGE_VERSION "1.6"
| #define PACKAGE_STRING "gemstat 1.6"
| #define PACKAGE_BUGREPORT ""
| #define PACKAGE_URL ""
| #define PACKAGE "gemstat"
| #define VERSION "1.6"
| #define HAVE_LIBM 1
| #define HAVE_LIBGSLCBLAS 1
| #define HAVE_LIBGSL 1
| #define STDC_HEADERS 1
| #define HAVE_SYS_TYPES_H 1
| #define HAVE_SYS_STAT_H 1
| #define HAVE_STDLIB_H 1
| #define HAVE_STRING_H 1
| #define HAVE_MEMORY_H 1
| #define HAVE_STRINGS_H 1
| #define HAVE_INTTYPES_H 1
| #define HAVE_STDINT_H 1
| #define HAVE_UNISTD_H 1
| #define HAVE_GSL_GSL_LINALG_H 1
| #define HAVE_GSL_GSL_MATH_H 1
| #define HAVE_GSL_GSL_MULTIMIN_H 1
| #define HAVE_GSL_GSL_RANDIST_H 1
| #define HAVE_FLOOR 1
| #define HAVE_POW 1
| #define HAVE_SQRT 1
| #define HAVE_STRCHR 1
| 
| configure: exit 0
| 
| ## ---------------------- ##
| ## Running config.status. ##
| ## ---------------------- ##
| 
| This file was extended by gemstat config.status 1.6, which was
| generated by GNU Autoconf 2.69.  Invocation command line was
| 
|   CONFIG_FILES    = 
|   CONFIG_HEADERS  = 
|   CONFIG_LINKS    = 
|   CONFIG_COMMANDS = 
|   $ ./config.status src/config.h
| 
| on vpnpool-130-126-152-121.near.illinois.edu
| 
| config.status:894: creating src/config.h
| config.status:1075: src/config.h is unchanged

